Initialized native services in: C:\Users\Chris\.gradle\native
Initialized jansi services in: C:\Users\Chris\.gradle\native
The client will now receive all logging from the daemon (pid: 20164). The daemon log file: C:\Users\Chris\.gradle\daemon\8.14\daemon-20164.out.log
Starting 3rd build in daemon [uptime: 2 mins 45.482 secs, performance: 100%, GC rate: 0.00/s, heap usage: 0% of 512 MiB, non-heap usage: 24% of 384 MiB]
Using 8 worker leases.
Now considering [C:\Users\Chris\aau-se2-backend] as hierarchies to watch
Watching the file system is configured to be enabled if available
File system watching is active
Starting Build
Settings evaluated using settings file 'C:\Users\Chris\aau-se2-backend\settings.gradle.kts'.
Projects loaded. Root project using build file 'C:\Users\Chris\aau-se2-backend\build.gradle.kts'.
Included projects: [root project 'WebSocketDemo-Server']

> Configure project :
Evaluating root project 'WebSocketDemo-Server' using build file 'C:\Users\Chris\aau-se2-backend\build.gradle.kts'.
Resolved plugin [id: 'org.springframework.boot', version: '4.0.3']
Resolved plugin [id: 'io.spring.dependency-management', version: '1.1.7']
Resolved plugin [id: 'org.sonarqube', version: '6.0.1.5171']
Resolved plugin [id: 'org.jetbrains.kotlin.jvm', version: '2.1.10']
Resolved plugin [id: 'org.jetbrains.kotlin.plugin.spring', version: '2.1.10']
Resolved plugin [id: 'org.gradle.jacoco']
Applying dependency management to configuration 'bootArchives' in project 'WebSocketDemo-Server'
Applying dependency management to configuration 'kotlinCompilerClasspath' in project 'WebSocketDemo-Server'
Applying dependency management to configuration 'kotlinBuildToolsApiClasspath' in project 'WebSocketDemo-Server'
Applying dependency management to configuration 'kotlinCompilerPluginClasspath' in project 'WebSocketDemo-Server'
Using Kotlin Gradle Plugin gradle85 variant
Applying dependency management to configuration 'kotlinNativeCompilerPluginClasspath' in project 'WebSocketDemo-Server'
Applying dependency management to configuration 'kotlinKlibCommonizerClasspath' in project 'WebSocketDemo-Server'
Applying dependency management to configuration 'archives' in project 'WebSocketDemo-Server'
Applying dependency management to configuration 'default' in project 'WebSocketDemo-Server'
Applying dependency management to configuration 'implementation' in project 'WebSocketDemo-Server'
Applying dependency management to configuration 'compileOnly' in project 'WebSocketDemo-Server'
Applying dependency management to configuration 'compileClasspath' in project 'WebSocketDemo-Server'
Applying dependency management to configuration 'annotationProcessor' in project 'WebSocketDemo-Server'
Applying dependency management to configuration 'runtimeOnly' in project 'WebSocketDemo-Server'
Applying dependency management to configuration 'runtimeClasspath' in project 'WebSocketDemo-Server'
Applying dependency management to configuration 'apiElements' in project 'WebSocketDemo-Server'
Applying dependency management to configuration 'runtimeElements' in project 'WebSocketDemo-Server'
Applying dependency management to configuration 'mainSourceElements' in project 'WebSocketDemo-Server'
Applying dependency management to configuration 'testImplementation' in project 'WebSocketDemo-Server'
Applying dependency management to configuration 'testCompileOnly' in project 'WebSocketDemo-Server'
Applying dependency management to configuration 'testCompileClasspath' in project 'WebSocketDemo-Server'
Applying dependency management to configuration 'testAnnotationProcessor' in project 'WebSocketDemo-Server'
Applying dependency management to configuration 'testRuntimeOnly' in project 'WebSocketDemo-Server'
Applying dependency management to configuration 'testRuntimeClasspath' in project 'WebSocketDemo-Server'
Applying dependency management to configuration 'testResultsElementsForTest' in project 'WebSocketDemo-Server'
Applying dependency management to configuration 'productionRuntimeClasspath' in project 'WebSocketDemo-Server'
Applying dependency management to configuration 'developmentOnly' in project 'WebSocketDemo-Server'
Applying dependency management to configuration 'testAndDevelopmentOnly' in project 'WebSocketDemo-Server'
Applying dependency management to configuration 'api' in project 'WebSocketDemo-Server'
Applying dependency management to configuration 'apiDependenciesMetadata' in project 'WebSocketDemo-Server'
Applying dependency management to configuration 'implementationDependenciesMetadata' in project 'WebSocketDemo-Server'
Applying dependency management to configuration 'compileOnlyDependenciesMetadata' in project 'WebSocketDemo-Server'
Applying dependency management to configuration 'intransitiveDependenciesMetadata' in project 'WebSocketDemo-Server'
Applying dependency management to configuration 'kotlinCompilerPluginClasspathMain' in project 'WebSocketDemo-Server'
Applying dependency management to configuration 'testApi' in project 'WebSocketDemo-Server'
Applying dependency management to configuration 'testApiDependenciesMetadata' in project 'WebSocketDemo-Server'
Applying dependency management to configuration 'testImplementationDependenciesMetadata' in project 'WebSocketDemo-Server'
Applying dependency management to configuration 'testCompileOnlyDependenciesMetadata' in project 'WebSocketDemo-Server'
Applying dependency management to configuration 'testIntransitiveDependenciesMetadata' in project 'WebSocketDemo-Server'
Applying dependency management to configuration 'kotlinCompilerPluginClasspathTest' in project 'WebSocketDemo-Server'
Applying dependency management to configuration 'kotlinScriptDef' in project 'WebSocketDemo-Server'
kotlin scripting plugin: created the scripting discovery configuration: kotlinScriptDef
Applying dependency management to configuration 'kotlinScriptDefExtensions' in project 'WebSocketDemo-Server'
Applying dependency management to configuration 'testKotlinScriptDef' in project 'WebSocketDemo-Server'
kotlin scripting plugin: created the scripting discovery configuration: testKotlinScriptDef
Applying dependency management to configuration 'testKotlinScriptDefExtensions' in project 'WebSocketDemo-Server'
Applying dependency management to configuration 'jacocoAgent' in project 'WebSocketDemo-Server'
Applying dependency management to configuration 'jacocoAnt' in project 'WebSocketDemo-Server'
Applying dependency management to configuration 'coverageDataElementsForTest' in project 'WebSocketDemo-Server'
Applying dependency management to configuration 'apiElements-published' in project 'WebSocketDemo-Server'
Applying dependency management to configuration 'runtimeElements-published' in project 'WebSocketDemo-Server'
All projects evaluated.
Task name matched 'test'
Selected primary task 'test' from project :
Resolving global dependency management for project 'WebSocketDemo-Server'
Excluding []
Excluding []
Excluding []
Excluding []
Excluding []
Excluding []
Excluding []
Excluding []
Excluding []
Excluding []
Excluding []
Excluding []
Tasks to be executed: [task ':checkKotlinGradlePluginConfigurationErrors', task ':compileKotlin', task ':compileJava', task ':processResources', task ':classes', task ':jar', task ':compileTestKotlin', task ':compileTestJava', task ':processTestResources', task ':testClasses', task ':test', task ':jacocoTestReport']
Tasks that were excluded: []
Resolve mutations for :checkKotlinGradlePluginConfigurationErrors (Thread[Execution worker,5,main]) started.
:checkKotlinGradlePluginConfigurationErrors (Thread[Execution worker,5,main]) started.

> Task :checkKotlinGradlePluginConfigurationErrors SKIPPED
Skipping task ':checkKotlinGradlePluginConfigurationErrors' as task onlyIf 'errorDiagnostics are present' is false.
Resolve mutations for :compileKotlin (Thread[Execution worker,5,main]) started.
:compileKotlin (Thread[Execution worker,5,main]) started.

> Task :compileKotlin UP-TO-DATE
Excluding []
Excluding []
Caching disabled for task ':compileKotlin' because:
  Build cache is disabled
Skipping task ':compileKotlin' as it is up-to-date.
Resolve mutations for :compileJava (Thread[Execution worker,5,main]) started.
:compileJava (Thread[Execution worker,5,main]) started.

> Task :compileJava NO-SOURCE
Skipping task ':compileJava' as it has no source files and no previous output files.
Resolve mutations for :processResources (Thread[Execution worker,5,main]) started.
:processResources (Thread[Execution worker,5,main]) started.

> Task :processResources UP-TO-DATE
Caching disabled for task ':processResources' because:
  Build cache is disabled
  Not worth caching
Skipping task ':processResources' as it is up-to-date.
Resolve mutations for :classes (Thread[Execution worker,5,main]) started.
:classes (Thread[Execution worker,5,main]) started.

> Task :classes UP-TO-DATE
Skipping task ':classes' as it has no actions.
Resolve mutations for :jar (Thread[Execution worker,5,main]) started.
:jar (Thread[Execution worker,5,main]) started.

> Task :jar SKIPPED
Skipping task ':jar' as task onlyIf 'Task is enabled' is false.
Resolve mutations for :compileTestKotlin (Thread[Execution worker,5,main]) started.
:compileTestKotlin (Thread[Execution worker,5,main]) started.

> Task :compileTestKotlin UP-TO-DATE
Excluding []
Caching disabled for task ':compileTestKotlin' because:
  Build cache is disabled
Skipping task ':compileTestKotlin' as it is up-to-date.
Resolve mutations for :compileTestJava (Thread[Execution worker,5,main]) started.
:compileTestJava (Thread[Execution worker,5,main]) started.

> Task :compileTestJava NO-SOURCE
Skipping task ':compileTestJava' as it has no source files and no previous output files.
Resolve mutations for :processTestResources (Thread[Execution worker,5,main]) started.
:processTestResources (Thread[Execution worker,5,main]) started.

> Task :processTestResources NO-SOURCE
Skipping task ':processTestResources' as it has no source files and no previous output files.
Resolve mutations for :testClasses (Thread[Execution worker,5,main]) started.
:testClasses (Thread[Execution worker,5,main]) started.

> Task :testClasses UP-TO-DATE
Skipping task ':testClasses' as it has no actions.
Resolve mutations for :test (Thread[Execution worker,5,main]) started.
:test (Thread[Execution worker,5,main]) started.
Gradle Test Executor 3 started executing tests.

> Task :test
Custom actions are attached to task ':test'.
Caching disabled for task ':test' because:
  Build cache is disabled
Task ':test' is not up-to-date because:
  Task has failed previously.
file or directory 'C:\Users\Chris\aau-se2-backend\build\classes\java\test', not found
Starting process 'Gradle Test Executor 3'. Working directory: C:\Users\Chris\aau-se2-backend Command: C:\Users\Chris\.jdks\corretto-21.0.6\bin\java.exe -Dorg.gradle.internal.worker.tmpdir=C:\Users\Chris\aau-se2-backend\build\tmp\test\work -javaagent:C:\Users\Chris\aau-se2-backend\build\tmp\.cache\expanded\zip_9892ccb804f78c0637616b68610d363f\jacocoagent.jar=destfile=build/jacoco/test.exec,append=true,inclnolocationclasses=false,dumponexit=true,output=file,jmx=false @C:\Users\Chris\.gradle\.tmp\gradle-worker-classpath16414119559723695428txt -Xmx512m -Dfile.encoding=UTF-8 -Duser.country=AT -Duser.language=de -Duser.variant -ea worker.org.gradle.process.internal.worker.GradleWorkerMain 'Gradle Test Executor 3'
Successfully started process 'Gradle Test Executor 3'

WebSocketBrokerControllerTest > buyProperty should fail for non-property field() STANDARD_ERROR
    Mockito is currently self-attaching to enable the inline-mock-maker. This will no longer work in future releases of the JDK. Please add Mockito as an agent to your build as described in Mockito's documentation: https://javadoc.io/doc/org.mockito/mockito-core/latest/org.mockito/org/mockito/Mockito.html#0.3
    WARNING: A Java agent has been loaded dynamically (C:\Users\Chris\.gradle\caches\modules-2\files-2.1\net.bytebuddy\byte-buddy-agent\1.17.8\f09415827a71be7ed621c7bd02550678f28bc81c\byte-buddy-agent-1.17.8.jar)
    WARNING: If a serviceability tool is in use, please run with -XX:+EnableDynamicAgentLoading to hide this warning
    WARNING: If a serviceability tool is not in use, please run with -Djdk.instrument.traceUsage for more information
    WARNING: Dynamic loading of agents will be disallowed by default in a future release

.\gradlew : OpenJDK 64-Bit Server VM warning: Sharing is only supported for boot loader classes because bootstrap classpath has been 
appended
In Zeile:1 Zeichen:36
+ ... e2-backend; .\gradlew test -i --no-build-cache 2>&1 > test_output.txt ...
+                 ~~~~~~~~~~~~~~~~~~~~~~~~~~~~~~~~~~~~~~~~~~~~~~~~~~~~~~~~~
    + CategoryInfo          : NotSpecified: (OpenJDK 64-Bit ...s been appended:String) [], RemoteException
    + FullyQualifiedErrorId : NativeCommandError
 

> Task :test

WebSocketBrokerControllerTest > buyProperty should fail for non-property field() STANDARD_OUT
    DiceDebug backend action=BUY_PROPERTY gameId=4f9e6493-765b-4204-95f6-b39498d983db playerId=host-1
    DiceDebug backend action='BUY_PROPERTY' length=12

WebSocketBrokerControllerTest > drawCard should emit error with invalid cardType() STANDARD_OUT
    DiceDebug backend action=DRAW_CARD gameId=ff6b8104-ed99-48a7-a041-66c2cbf7ae98 playerId=host-1
    DiceDebug backend action='DRAW_CARD' length=9

WebSocketBrokerControllerTest > drawChanceCard should move card from deck to currentActionCard() STANDARD_OUT
    DiceDebug backend action=DRAW_CARD gameId=df4946c1-9534-47b8-854e-75dc8c3988cf playerId=host-1
    DiceDebug backend action='DRAW_CARD' length=9

WebSocketBrokerControllerTest > handleAction should emit error when game does not exist() STANDARD_OUT
    DiceDebug backend action=ROLL_DICE gameId=missing-game playerId=
    DiceDebug backend action='ROLL_DICE' length=9
    DiceDebug backend ERROR game not found for gameId=missing-game

WebSocketBrokerControllerTest > executeAction COLLECT_MONEY should increase player money() STANDARD_OUT
    DiceDebug backend action=EXECUTE_ACTION gameId=73438529-c3b5-45ca-a6ea-f728028bf28b playerId=player-1
    DiceDebug backend action='EXECUTE_ACTION' length=14

WebSocketBrokerControllerTest > buyProperty should fail when property is already owned() STANDARD_OUT
    DiceDebug backend action=BUY_PROPERTY gameId=4cbaac71-aa3e-4c61-8b2d-2cf3369ed9e9 playerId=host-1
    DiceDebug backend action='BUY_PROPERTY' length=12

WebSocketBrokerControllerTest > buyProperty should successfully purchase an unowned property() STANDARD_OUT
    DiceDebug backend action=BUY_PROPERTY gameId=a4d9d962-a382-42b4-a192-2bf5e1110aa2 playerId=host-1
    DiceDebug backend action='BUY_PROPERTY' length=12

WebSocketBrokerControllerTest > buyProperty should successfully purchase an unowned property() FAILED
    org.opentest4j.AssertionFailedError: expected: <1300> but was: <1440>
        at app//org.junit.jupiter.api.AssertionFailureBuilder.build(AssertionFailureBuilder.java:158)
        at app//org.junit.jupiter.api.AssertionFailureBuilder.buildAndThrow(AssertionFailureBuilder.java:139)
        at app//org.junit.jupiter.api.AssertEquals.failNotEqual(AssertEquals.java:201)
        at app//org.junit.jupiter.api.AssertEquals.assertEquals(AssertEquals.java:152)
        at app//org.junit.jupiter.api.AssertEquals.assertEquals(AssertEquals.java:147)
        at app//org.junit.jupiter.api.Assertions.assertEquals(Assertions.java:558)
        at app//at.aau.monopoly.klagenfurt.websocket.broker.WebSocketBrokerControllerTest.buyProperty should successfully purchase an unowned property(WebSocketBrokerControllerTest.kt:1121)

WebSocketBrokerControllerTest > handleAction END_TURN should not check player ownership() STANDARD_OUT
    DiceDebug backend action=END_TURN gameId=a4ef42fc-147c-4897-ad04-2844a5326e3e playerId=not-current-player
    DiceDebug backend action='END_TURN' length=8

WebSocketBrokerControllerTest > handleAction should end turn and broadcast next player() STANDARD_OUT
    DiceDebug backend action=END_TURN gameId=8ecba06b-1bb2-41cb-abca-81c3dd320ad5 playerId=host-1
    DiceDebug backend action='END_TURN' length=8

WebSocketBrokerControllerTest > multiple draws should cycle through deck correctly() STANDARD_OUT
    DiceDebug backend action=DRAW_CARD gameId=a992e255-754d-44fd-be36-c2e4a5db86e5 playerId=host-1
    DiceDebug backend action='DRAW_CARD' length=9
    DiceDebug backend action=DRAW_CARD gameId=a992e255-754d-44fd-be36-c2e4a5db86e5 playerId=host-1
    DiceDebug backend action='DRAW_CARD' length=9
    DiceDebug backend action=DRAW_CARD gameId=a992e255-754d-44fd-be36-c2e4a5db86e5 playerId=host-1
    DiceDebug backend action='DRAW_CARD' length=9
    DiceDebug backend action=DRAW_CARD gameId=a992e255-754d-44fd-be36-c2e4a5db86e5 playerId=host-1
    DiceDebug backend action='DRAW_CARD' length=9
    DiceDebug backend action=DRAW_CARD gameId=a992e255-754d-44fd-be36-c2e4a5db86e5 playerId=host-1
    DiceDebug backend action='DRAW_CARD' length=9

WebSocketBrokerControllerTest > drawCard should emit error when player already drew card this turn() STANDARD_OUT
    DiceDebug backend action=DRAW_CARD gameId=be112153-167d-494f-bb58-92ac38ea1264 playerId=host-1
    DiceDebug backend action='DRAW_CARD' length=9
    DiceDebug backend action=DRAW_CARD gameId=be112153-167d-494f-bb58-92ac38ea1264 playerId=host-1
    DiceDebug backend action='DRAW_CARD' length=9

WebSocketBrokerControllerTest > executeAction GET_OUT_OF_JAIL should increment jail cards() STANDARD_OUT
    DiceDebug backend action=EXECUTE_ACTION gameId=a4fce9c9-d46f-44b3-a65a-717a3b6eb618 playerId=player-1
    DiceDebug backend action='EXECUTE_ACTION' length=14

WebSocketBrokerControllerTest > executeAction GO_TO_JAIL should move player to jail and set flags() STANDARD_OUT
    DiceDebug backend action=EXECUTE_ACTION gameId=43ee9f51-6be9-4748-bdad-f626304b3cf6 playerId=player-1
    DiceDebug backend action='EXECUTE_ACTION' length=14

WebSocketBrokerControllerTest > executeAction COLLECT_FROM_EACH should transfer money from others to player() STANDARD_OUT
    DiceDebug backend action=EXECUTE_ACTION gameId=44ddc39a-bb79-4f62-928a-45994b044b87 playerId=player-1
    DiceDebug backend action='EXECUTE_ACTION' length=14

WebSocketBrokerControllerTest > drawCard should emit error with missing cardType() STANDARD_OUT
    DiceDebug backend action=DRAW_CARD gameId=54369d8c-dbcf-4f43-86cf-94b094ce5af6 playerId=host-1
    DiceDebug backend action='DRAW_CARD' length=9

WebSocketBrokerControllerTest > handleAction ROLL_DICE with explicit cheat false should roll normal dice() STANDARD_OUT
    DiceDebug backend action=ROLL_DICE gameId=08d80d0f-0222-497d-9e86-b5adac744314 playerId=host-1
    DiceDebug backend action='ROLL_DICE' length=9
    DiceDebug backend ROLL_DICE currentPlayer=host-1 phase=ROLLING

WebSocketBrokerControllerTest > handleAction DRAW_CARD should fail when player not on correct field type() STANDARD_OUT
    DiceDebug backend action=DRAW_CARD gameId=08503a29-43e7-4d9a-ae6c-372ba62e888e playerId=host-1
    DiceDebug backend action='DRAW_CARD' length=9

WebSocketBrokerControllerTest > executeAction PAY_MONEY should decrease player money and add to free parking() STANDARD_OUT
    DiceDebug backend action=EXECUTE_ACTION gameId=6a5d38e5-0202-4898-a104-80b63c6e61ed playerId=player-1
    DiceDebug backend action='EXECUTE_ACTION' length=14

WebSocketBrokerControllerTest > handleAction DRAW_CARD should succeed on Chance field() STANDARD_OUT
    DiceDebug backend action=DRAW_CARD gameId=7a6c2bbf-e797-470b-9dee-b208f431a57e playerId=host-1
    DiceDebug backend action='DRAW_CARD' length=9

WebSocketBrokerControllerTest > handleAction ROLL_DICE should emit error when player is not current player() STANDARD_OUT
    DiceDebug backend action=ROLL_DICE gameId=17dd3793-c1f3-4b6b-b2d9-6c5ef975da01 playerId=wrong-player
    DiceDebug backend action='ROLL_DICE' length=9
    DiceDebug backend ROLL_DICE currentPlayer=player-2 phase=ROLLING

WebSocketBrokerControllerTest > buyProperty should fail when player has insufficient funds() STANDARD_OUT
    DiceDebug backend action=BUY_PROPERTY gameId=735e021b-078d-4ac4-ab34-5506b611d578 playerId=host-1
    DiceDebug backend action='BUY_PROPERTY' length=12

WebSocketBrokerControllerTest > buyProperty should fail when player has insufficient funds() FAILED
    org.opentest4j.AssertionFailedError: expected: <ERROR> but was: <PROPERTY_BOUGHT>
        at app//org.junit.jupiter.api.AssertionFailureBuilder.build(AssertionFailureBuilder.java:158)
        at app//org.junit.jupiter.api.AssertionFailureBuilder.buildAndThrow(AssertionFailureBuilder.java:139)
        at app//org.junit.jupiter.api.AssertEquals.failNotEqual(AssertEquals.java:201)
        at app//org.junit.jupiter.api.AssertEquals.assertEquals(AssertEquals.java:184)
        at app//org.junit.jupiter.api.AssertEquals.assertEquals(AssertEquals.java:179)
        at app//org.junit.jupiter.api.Assertions.assertEquals(Assertions.java:1188)
        at app//at.aau.monopoly.klagenfurt.websocket.broker.WebSocketBrokerControllerTest.buyProperty should fail when player has insufficient funds(WebSocketBrokerControllerTest.kt:1167)

WebSocketBrokerControllerTest > executeAction PAY_EACH_PLAYER should transfer money from player to others() STANDARD_OUT
    DiceDebug backend action=EXECUTE_ACTION gameId=c2d222a8-ee5a-426c-be1d-bab5c7466685 playerId=player-1
    DiceDebug backend action='EXECUTE_ACTION' length=14

WebSocketBrokerControllerTest > buyProperty should fail when it's not the player's turn() STANDARD_OUT
    DiceDebug backend action=BUY_PROPERTY gameId=d9eee81f-f7ba-4fe3-859b-0ea8aa333eb4 playerId=host-2
    DiceDebug backend action='BUY_PROPERTY' length=12

WebSocketBrokerControllerTest > buyProperty should fail when it's not the player's turn() FAILED
    org.opentest4j.AssertionFailedError: expected: <ERROR> but was: <PROPERTY_BOUGHT>
        at app//org.junit.jupiter.api.AssertionFailureBuilder.build(AssertionFailureBuilder.java:158)
        at app//org.junit.jupiter.api.AssertionFailureBuilder.buildAndThrow(AssertionFailureBuilder.java:139)
        at app//org.junit.jupiter.api.AssertEquals.failNotEqual(AssertEquals.java:201)
        at app//org.junit.jupiter.api.AssertEquals.assertEquals(AssertEquals.java:184)
        at app//org.junit.jupiter.api.AssertEquals.assertEquals(AssertEquals.java:179)
        at app//org.junit.jupiter.api.Assertions.assertEquals(Assertions.java:1188)
        at app//at.aau.monopoly.klagenfurt.websocket.broker.WebSocketBrokerControllerTest.buyProperty should fail when it's not the player's turn(WebSocketBrokerControllerTest.kt:1189)

WebSocketBrokerControllerTest > executeAction should emit error when no action card is set() STANDARD_OUT
    DiceDebug backend action=EXECUTE_ACTION gameId=268ea77a-6a77-4001-bbc5-78a741182f0c playerId=player-1
    DiceDebug backend action='EXECUTE_ACTION' length=14

WebSocketBrokerControllerTest > handleAction should roll dice and move phase to buying() STANDARD_OUT
    DiceDebug backend action=ROLL_DICE gameId=a815f27d-fb24-455f-a887-d195160bec96 playerId=host-1
    DiceDebug backend action='ROLL_DICE' length=9
    DiceDebug backend ROLL_DICE currentPlayer=host-1 phase=ROLLING

WebSocketBrokerControllerTest > executeAction MOVE_FORWARD should advance player and grant $200 if passed Go() STANDARD_OUT
    DiceDebug backend action=EXECUTE_ACTION gameId=c0f29e5b-aa81-42ec-8e68-1c592b68d79c playerId=player-1
    DiceDebug backend action='EXECUTE_ACTION' length=14

WebSocketBrokerControllerTest > handleAction ROLL_DICE should emit error when not in ROLLING phase() STANDARD_OUT
    DiceDebug backend action=ROLL_DICE gameId=beac45d8-1da6-46fe-87ee-d50d91037e5d playerId=host-1
    DiceDebug backend action='ROLL_DICE' length=9
    DiceDebug backend ROLL_DICE currentPlayer=host-1 phase=BUYING

WebSocketBrokerControllerTest > executeAction MOVE_TO should move player to target field() STANDARD_OUT
    DiceDebug backend action=EXECUTE_ACTION gameId=4cbef1e7-57be-4b8e-adc1-60be8f516f10 playerId=player-1
    DiceDebug backend action='EXECUTE_ACTION' length=14

WebSocketBrokerControllerTest > drawChanceCard should reshuffle deck when empty() STANDARD_OUT
    DiceDebug backend action=DRAW_CARD gameId=a583a02b-4088-42d2-a322-b5a2f2fdf32f playerId=host-1
    DiceDebug backend action='DRAW_CARD' length=9

WebSocketBrokerControllerTest > handleAction DRAW_CARD should succeed on Community Chest field() STANDARD_OUT
    DiceDebug backend action=DRAW_CARD gameId=d32125ce-453b-4880-90aa-8817ca362713 playerId=host-1
    DiceDebug backend action='DRAW_CARD' length=9

WebSocketBrokerControllerTest > handleAction DRAW_CARD should fail with wrong field type() STANDARD_OUT
    DiceDebug backend action=DRAW_CARD gameId=d84de33e-b469-4a5f-93fe-617b74c8537e playerId=host-1
    DiceDebug backend action='DRAW_CARD' length=9

WebSocketBrokerControllerTest > handleAction ROLL_DICE with cheat payload true should force double six() STANDARD_OUT
    DiceDebug backend action=ROLL_DICE gameId=3eb5a732-e0d7-4aa8-a462-1a29567fabbb playerId=host-1
    DiceDebug backend action='ROLL_DICE' length=9
    DiceDebug backend ROLL_DICE currentPlayer=host-1 phase=ROLLING
    DiceDebug: CHEAT DETECTED for player host-1! Rolling double six.

WebSocketBrokerControllerTest > executeAction MOVE_TO backwards should grant $200() STANDARD_OUT
    DiceDebug backend action=EXECUTE_ACTION gameId=9f8010b2-0fdf-42a1-a74d-2a395bdb5462 playerId=player-1
    DiceDebug backend action='EXECUTE_ACTION' length=14

WebSocketBrokerControllerTest > handleAction DRAW_CARD should fail when not player's turn() STANDARD_OUT
    DiceDebug backend action=DRAW_CARD gameId=c07e244f-3be3-41d9-9ced-36619d4e7a67 playerId=host-1
    DiceDebug backend action='DRAW_CARD' length=9

WebSocketBrokerControllerTest > handleAction should broadcast last dice roll with both dice values() STANDARD_OUT
    DiceDebug backend action=ROLL_DICE gameId=a0c1cdcb-4cbb-4811-bb22-e8b33ddfab1f playerId=host-1
    DiceDebug backend action='ROLL_DICE' length=9
    DiceDebug backend ROLL_DICE currentPlayer=host-1 phase=ROLLING

WebSocketBrokerControllerTest > drawCommunityChestCard should move card from deck to currentActionCard() STANDARD_OUT
    DiceDebug backend action=DRAW_CARD gameId=9c0462d8-ceb9-4b37-b20b-ad693de0a7ab playerId=host-1
    DiceDebug backend action='DRAW_CARD' length=9

WebSocketBrokerControllerTest > handleAction should emit error for unknown action() STANDARD_OUT
    DiceDebug backend action=DO_SOMETHING gameId=b80a220b-a0fd-422e-ac19-6f49baae70b4 playerId=
    DiceDebug backend action='DO_SOMETHING' length=12

WebSocketBrokerIntegrationTest STANDARD_OUT
    18:22:14.871 [Test worker] INFO org.springframework.test.context.support.AnnotationConfigContextLoaderUtils -- Could not detect default configuration classes for test class [at.aau.monopoly.klagenfurt.WebSocketBrokerIntegrationTest]: WebSocketBrokerIntegrationTest does not declare any static, non-private, non-final, nested classes annotated with @Configuration.
    18:22:15.078 [Test worker] INFO org.springframework.boot.test.context.SpringBootTestContextBootstrapper -- Found @SpringBootConfiguration at.aau.monopoly.klagenfurt.WebSocketDemoServerApplication for test class at.aau.monopoly.klagenfurt.WebSocketBrokerIntegrationTest

      .   ____          _            __ _ _
     /\\ / ___'_ __ _ _(_)_ __  __ _ \ \ \ \
    ( ( )\___ | '_ | '_| | '_ \/ _` | \ \ \ \
     \\/  ___)| |_)| | | | | || (_| |  ) ) ) )
      '  |____| .__|_| |_|_| |_\__, | / / / /
     =========|_|==============|___/=/_/_/_/

     :: Spring Boot ::                (v4.0.3)

    2026-05-13T18:22:15.925+02:00  INFO 24356 --- [    Test worker] a.a.m.k.WebSocketBrokerIntegrationTest   : Starting WebSocketBrokerIntegrationTest using Java 21.0.6 with PID 24356 (started by Chris in C:\Users\Chris\aau-se2-backend)
    2026-05-13T18:22:15.929+02:00  INFO 24356 --- [    Test worker] a.a.m.k.WebSocketBrokerIntegrationTest   : No active profile set, falling back to 1 default profile: "default"
    2026-05-13T18:22:17.453+02:00  INFO 24356 --- [    Test worker] o.s.boot.tomcat.TomcatWebServer          : Tomcat initialized with port 0 (http)
    2026-05-13T18:22:17.482+02:00  INFO 24356 --- [    Test worker] o.apache.catalina.core.StandardService   : Starting service [Tomcat]
    2026-05-13T18:22:17.483+02:00  INFO 24356 --- [    Test worker] o.apache.catalina.core.StandardEngine    : Starting Servlet engine: [Apache Tomcat/11.0.18]
    2026-05-13T18:22:17.566+02:00  INFO 24356 --- [    Test worker] b.w.c.s.WebApplicationContextInitializer : Root WebApplicationContext: initialization completed in 1592 ms
    2026-05-13T18:22:18.899+02:00  INFO 24356 --- [    Test worker] o.s.m.s.b.SimpleBrokerMessageHandler     : Starting...
    2026-05-13T18:22:18.903+02:00  INFO 24356 --- [    Test worker] o.s.m.s.b.SimpleBrokerMessageHandler     : BrokerAvailabilityEvent[available=true, SimpleBrokerMessageHandler [org.springframework.messaging.simp.broker.DefaultSubscriptionRegistry@64a0bd8f]]
    2026-05-13T18:22:18.906+02:00  INFO 24356 --- [    Test worker] o.s.m.s.b.SimpleBrokerMessageHandler     : Started.
    2026-05-13T18:22:18.942+02:00  INFO 24356 --- [    Test worker] o.s.boot.tomcat.TomcatWebServer          : Tomcat started on port 63100 (http) with context path '/'
    2026-05-13T18:22:18.951+02:00  INFO 24356 --- [    Test worker] a.a.m.k.WebSocketBrokerIntegrationTest   : Started WebSocketBrokerIntegrationTest in 3.561 seconds (process running for 8.621)

WebSocketBrokerIntegrationTest > full game flow - create, join, start, roll dice() STANDARD_OUT
    2026-05-13T18:22:20.314+02:00  INFO 24356 --- [o-auto-1-exec-1] o.a.c.c.C.[Tomcat].[localhost].[/]       : Initializing Spring DispatcherServlet 'dispatcherServlet'
    2026-05-13T18:22:20.315+02:00  INFO 24356 --- [o-auto-1-exec-1] o.s.web.servlet.DispatcherServlet        : Initializing Servlet 'dispatcherServlet'
    2026-05-13T18:22:20.317+02:00  INFO 24356 --- [o-auto-1-exec-1] o.s.web.servlet.DispatcherServlet        : Completed initialization in 1 ms
    DiceDebug backend action=ROLL_DICE gameId=5ac10257-784d-4097-81de-8dbbde7e1ef2 playerId=a6cb94e1-40da-4d80-97e5-3f494554b57d
    DiceDebug backend action='ROLL_DICE' length=9
    DiceDebug backend ROLL_DICE currentPlayer=a6cb94e1-40da-4d80-97e5-3f494554b57d phase=ROLLING
    2026-05-13T18:22:22.160+02:00  INFO 24356 --- [-auto-1-exec-10] a.a.m.k.w.b.WebSocketBrokerController    : Session disconnected: sessionId=77ef86b5-4b39-86d4-1056-125e74162896, userId=unknown
    2026-05-13T18:22:22.160+02:00  INFO 24356 --- [o-auto-1-exec-1] a.a.m.k.w.b.WebSocketBrokerController    : Session disconnected: sessionId=1213a152-2575-f2c2-a79a-a18240e18add, userId=unknown

WebSocketBrokerIntegrationTest > requesting state of unknown game returns ERROR event() STANDARD_OUT
    2026-05-13T18:22:22.225+02:00  INFO 24356 --- [o-auto-1-exec-3] a.a.m.k.w.b.WebSocketBrokerController    : Session disconnected: sessionId=be7f2b33-beb7-ae6b-0c63-2ecda43d270c, userId=unknown

WebSocketBrokerIntegrationTest > sending ROLL_DICE action to unknown game returns ERROR event() STANDARD_OUT
    DiceDebug backend action=ROLL_DICE gameId=nonexistent-game-id playerId=player-1
    DiceDebug backend action='ROLL_DICE' length=9
    DiceDebug backend ERROR game not found for gameId=nonexistent-game-id
    2026-05-13T18:22:22.348+02:00  INFO 24356 --- [-auto-1-exec-10] a.a.m.k.w.b.WebSocketBrokerController    : Session disconnected: sessionId=9383ff64-51e1-de69-98ad-a2028b7d8287, userId=unknown

WebSocketBrokerIntegrationTest > create game broadcasts GAME_CREATED event() STANDARD_OUT
    2026-05-13T18:22:22.684+02:00  INFO 24356 --- [o-auto-1-exec-6] a.a.m.k.w.b.WebSocketBrokerController    : Session disconnected: sessionId=1f9b903d-7fd1-f8c5-390e-7647e09a3dd5, userId=unknown

WebSocketBrokerIntegrationTest > create game stores host icon in broadcast game state() STANDARD_OUT
    2026-05-13T18:22:22.763+02:00  INFO 24356 --- [tboundChannel-3] a.a.m.k.w.b.WebSocketBrokerController    : Session disconnected: sessionId=e34bd0d2-cb6f-1793-f04c-ab8b16b47890, userId=unknown

WebSocketHandlerIntegrationTest STANDARD_OUT
    2026-05-13T18:22:22.778+02:00  INFO 24356 --- [    Test worker] t.c.s.AnnotationConfigContextLoaderUtils : Could not detect default configuration classes for test class [at.aau.monopoly.klagenfurt.WebSocketHandlerIntegrationTest]: WebSocketHandlerIntegrationTest does not declare any static, non-private, non-final, nested classes annotated with @Configuration.
    2026-05-13T18:22:22.783+02:00  INFO 24356 --- [    Test worker] .b.t.c.SpringBootTestContextBootstrapper : Found @SpringBootConfiguration at.aau.monopoly.klagenfurt.WebSocketDemoServerApplication for test class at.aau.monopoly.klagenfurt.WebSocketHandlerIntegrationTest

WebSocketHandlerIntegrationTest > join game returns PLAYER_JOINED event() STANDARD_OUT
    2026-05-13T18:22:23.322+02:00  INFO 24356 --- [o-auto-1-exec-6] a.a.m.k.w.b.WebSocketBrokerController    : Session disconnected: sessionId=d1cec229-1e44-7683-5354-7364a1987954, userId=unknown
    2026-05-13T18:22:23.324+02:00  INFO 24356 --- [o-auto-1-exec-9] a.a.m.k.w.b.WebSocketBrokerController    : Session disconnected: sessionId=d58a0eb2-439f-975a-0c70-cf447b65e73b, userId=unknown

WebSocketHandlerIntegrationTest > create game returns GAME_CREATED event() STANDARD_OUT
    2026-05-13T18:22:23.865+02:00  INFO 24356 --- [o-auto-1-exec-2] a.a.m.k.w.b.WebSocketBrokerController    : Session disconnected: sessionId=495f1085-6c53-d7b1-58db-cc17a0312d6c, userId=unknown

Gradle Test Executor 3 finished executing tests.
2026-05-13T18:22:24.406+02:00  INFO 24356 --- [ionShutdownHook] o.s.boot.tomcat.GracefulShutdown         : Commencing graceful shutdown. Waiting for active requests to complete
2026-05-13T18:22:24.426+02:00  INFO 24356 --- [tomcat-shutdown] o.s.boot.tomcat.GracefulShutdown         : Graceful shutdown complete
2026-05-13T18:22:24.701+02:00  INFO 24356 --- [ionShutdownHook] o.s.m.s.b.SimpleBrokerMessageHandler     : Stopping...
2026-05-13T18:22:24.701+02:00  INFO 24356 --- [ionShutdownHook] o.s.m.s.b.SimpleBrokerMessageHandler     : BrokerAvailabilityEvent[available=false, SimpleBrokerMessageHandler [org.springframework.messaging.simp.broker.DefaultSubscriptionRegistry@64a0bd8f]]
2026-05-13T18:22:24.701+02:00  INFO 24356 --- [ionShutdownHook] o.s.m.s.b.SimpleBrokerMessageHandler     : Stopped.

> Task :test FAILED

124 tests completed, 3 failed
Finished generating test XML results (0.007 secs) into: C:\Users\Chris\aau-se2-backend\build\test-results\test
Generating HTML test report...
Finished generating test html results (0.015 secs) into: C:\Users\Chris\aau-se2-backend\build\reports\tests\test

FAILURE: Build failed with an exception.

* What went wrong:
Execution failed for task ':test'.
> There were failing tests. See the report at: file:///C:/Users/Chris/aau-se2-backend/build/reports/tests/test/index.html

* Try:
> Run with --scan to get full insights.

BUILD FAILED in 16s
4 actionable tasks: 1 executed, 3 up-to-date
Watched directory hierarchies: [C:\Users\Chris\aau-se2-backend]
